Archive member included because of file (symbol)

c:/winavr-20100110/bin/../lib/gcc/avr/4.3.3/avr5\libgcc.a(_exit.o)
                              c:/winavr-20100110/bin/../lib/gcc/avr/4.3.3/../../../../avr/lib/avr5/crtm16.o (exit)
c:/winavr-20100110/bin/../lib/gcc/avr/4.3.3/avr5\libgcc.a(_clear_bss.o)
                              ./APP/APP.o (__do_clear_bss)

Memory Configuration

Name             Origin             Length             Attributes
text             0x00000000         0x00020000         xr
data             0x00800060         0x0000ffa0         rw !x
eeprom           0x00810000         0x00010000         rw !x
fuse             0x00820000         0x00000400         rw !x
lock             0x00830000         0x00000400         rw !x
signature        0x00840000         0x00000400         rw !x
*default*        0x00000000         0xffffffff

Linker script and memory map

LOAD c:/winavr-20100110/bin/../lib/gcc/avr/4.3.3/../../../../avr/lib/avr5/crtm16.o
LOAD ./MCAL/TIMER/TIMER.o
LOAD ./MCAL/INT/INT.o
LOAD ./MCAL/GPIO/GPIO.o
LOAD ./ECUAL/PUSH_BUTTON/PUSH_BUTTON.o
LOAD ./ECUAL/LEDS/LED.o
LOAD ./APP/APP.o
LOAD ./main.o
LOAD c:/winavr-20100110/bin/../lib/gcc/avr/4.3.3/avr5\libgcc.a
LOAD c:/winavr-20100110/bin/../lib/gcc/avr/4.3.3/../../../../avr/lib/avr5\libc.a
LOAD c:/winavr-20100110/bin/../lib/gcc/avr/4.3.3/avr5\libgcc.a

.hash
 *(.hash)

.dynsym
 *(.dynsym)

.dynstr
 *(.dynstr)

.gnu.version
 *(.gnu.version)

.gnu.version_d
 *(.gnu.version_d)

.gnu.version_r
 *(.gnu.version_r)

.rel.init
 *(.rel.init)

.rela.init
 *(.rela.init)

.rel.text
 *(.rel.text)
 *(.rel.text.*)
 *(.rel.gnu.linkonce.t*)

.rela.text
 *(.rela.text)
 *(.rela.text.*)
 *(.rela.gnu.linkonce.t*)

.rel.fini
 *(.rel.fini)

.rela.fini
 *(.rela.fini)

.rel.rodata
 *(.rel.rodata)
 *(.rel.rodata.*)
 *(.rel.gnu.linkonce.r*)

.rela.rodata
 *(.rela.rodata)
 *(.rela.rodata.*)
 *(.rela.gnu.linkonce.r*)

.rel.data
 *(.rel.data)
 *(.rel.data.*)
 *(.rel.gnu.linkonce.d*)

.rela.data
 *(.rela.data)
 *(.rela.data.*)
 *(.rela.gnu.linkonce.d*)

.rel.ctors
 *(.rel.ctors)

.rela.ctors
 *(.rela.ctors)

.rel.dtors
 *(.rel.dtors)

.rela.dtors
 *(.rela.dtors)

.rel.got
 *(.rel.got)

.rela.got
 *(.rela.got)

.rel.bss
 *(.rel.bss)

.rela.bss
 *(.rela.bss)

.rel.plt
 *(.rel.plt)

.rela.plt
 *(.rela.plt)

.text           0x00000000      0xd36
 *(.vectors)
 .vectors       0x00000000       0x54 c:/winavr-20100110/bin/../lib/gcc/avr/4.3.3/../../../../avr/lib/avr5/crtm16.o
                0x00000000                __vectors
                0x00000000                __vector_default
 *(.vectors)
 *(.progmem.gcc*)
 *(.progmem*)
                0x00000054                . = ALIGN (0x2)
                0x00000054                __trampolines_start = .
 *(.trampolines)
 .trampolines   0x00000054        0x0 linker stubs
 *(.trampolines*)
                0x00000054                __trampolines_end = .
 *(.jumptables)
 *(.jumptables*)
 *(.lowtext)
 *(.lowtext*)
                0x00000054                __ctors_start = .
 *(.ctors)
                0x00000054                __ctors_end = .
                0x00000054                __dtors_start = .
 *(.dtors)
                0x00000054                __dtors_end = .
 SORT(*)(.ctors)
 SORT(*)(.dtors)
 *(.init0)
 .init0         0x00000054        0x0 c:/winavr-20100110/bin/../lib/gcc/avr/4.3.3/../../../../avr/lib/avr5/crtm16.o
                0x00000054                __init
 *(.init0)
 *(.init1)
 *(.init1)
 *(.init2)
 .init2         0x00000054        0xc c:/winavr-20100110/bin/../lib/gcc/avr/4.3.3/../../../../avr/lib/avr5/crtm16.o
 *(.init2)
 *(.init3)
 *(.init3)
 *(.init4)
 .init4         0x00000060       0x10 c:/winavr-20100110/bin/../lib/gcc/avr/4.3.3/avr5\libgcc.a(_clear_bss.o)
                0x00000060                __do_clear_bss
 *(.init4)
 *(.init5)
 *(.init5)
 *(.init6)
 *(.init6)
 *(.init7)
 *(.init7)
 *(.init8)
 *(.init8)
 *(.init9)
 .init9         0x00000070        0x8 c:/winavr-20100110/bin/../lib/gcc/avr/4.3.3/../../../../avr/lib/avr5/crtm16.o
 *(.init9)
 *(.text)
 .text          0x00000078        0x4 c:/winavr-20100110/bin/../lib/gcc/avr/4.3.3/../../../../avr/lib/avr5/crtm16.o
                0x00000078                __vector_12
                0x00000078                __bad_interrupt
                0x00000078                __vector_6
                0x00000078                __vector_3
                0x00000078                __vector_11
                0x00000078                __vector_13
                0x00000078                __vector_17
                0x00000078                __vector_19
                0x00000078                __vector_7
                0x00000078                __vector_5
                0x00000078                __vector_4
                0x00000078                __vector_9
                0x00000078                __vector_2
                0x00000078                __vector_15
                0x00000078                __vector_8
                0x00000078                __vector_14
                0x00000078                __vector_10
                0x00000078                __vector_16
                0x00000078                __vector_18
                0x00000078                __vector_20
 .text          0x0000007c        0x0 ./MCAL/TIMER/TIMER.o
 .text          0x0000007c        0x0 ./MCAL/INT/INT.o
 .text          0x0000007c        0x0 ./MCAL/GPIO/GPIO.o
 .text          0x0000007c        0x0 ./ECUAL/PUSH_BUTTON/PUSH_BUTTON.o
 .text          0x0000007c        0x0 ./ECUAL/LEDS/LED.o
 .text          0x0000007c        0x0 ./APP/APP.o
 .text          0x0000007c        0x0 ./main.o
 .text          0x0000007c        0x0 c:/winavr-20100110/bin/../lib/gcc/avr/4.3.3/avr5\libgcc.a(_exit.o)
 .text          0x0000007c        0x0 c:/winavr-20100110/bin/../lib/gcc/avr/4.3.3/avr5\libgcc.a(_clear_bss.o)
                0x0000007c                . = ALIGN (0x2)
 *(.text.*)
 .text.Timer0_Delay
                0x0000007c       0x9e ./MCAL/TIMER/TIMER.o
                0x0000007c                Timer0_Delay
 .text.Exi0Init
                0x0000011a       0x4e ./MCAL/INT/INT.o
                0x0000011a                Exi0Init
 .text.Exi0Enable
                0x00000168       0x1c ./MCAL/INT/INT.o
                0x00000168                Exi0Enable
 .text.Exi0Disable
                0x00000184       0x1c ./MCAL/INT/INT.o
                0x00000184                Exi0Disable
 .text.GPIO_setupPinDirection
                0x000001a0      0x1d6 ./MCAL/GPIO/GPIO.o
                0x000001a0                GPIO_setupPinDirection
 .text.GPIO_writePin
                0x00000376      0x1d6 ./MCAL/GPIO/GPIO.o
                0x00000376                GPIO_writePin
 .text.GPIO_readPin
                0x0000054c      0x136 ./MCAL/GPIO/GPIO.o
                0x0000054c                GPIO_readPin
 .text.GPIO_setupPortDirection
                0x00000682       0x88 ./MCAL/GPIO/GPIO.o
                0x00000682                GPIO_setupPortDirection
 .text.GPIO_writePort
                0x0000070a       0x88 ./MCAL/GPIO/GPIO.o
                0x0000070a                GPIO_writePort
 .text.GPIO_readPort
                0x00000792       0x8a ./MCAL/GPIO/GPIO.o
                0x00000792                GPIO_readPort
 .text.GPIO_toggle
                0x0000081c       0xfa ./MCAL/GPIO/GPIO.o
                0x0000081c                GPIO_toggle
 .text.PushButtonInit
                0x00000916       0x22 ./ECUAL/PUSH_BUTTON/PUSH_BUTTON.o
                0x00000916                PushButtonInit
 .text.BUTTON_READ
                0x00000938       0x2a ./ECUAL/PUSH_BUTTON/PUSH_BUTTON.o
                0x00000938                BUTTON_READ
 .text.ledInit  0x00000962       0x22 ./ECUAL/LEDS/LED.o
                0x00000962                ledInit
 .text.ledOn    0x00000984       0x22 ./ECUAL/LEDS/LED.o
                0x00000984                ledOn
 .text.ledOff   0x000009a6       0x22 ./ECUAL/LEDS/LED.o
                0x000009a6                ledOff
 .text.ledToggle
                0x000009c8       0x20 ./ECUAL/LEDS/LED.o
                0x000009c8                ledToggle
 .text.app_inits
                0x000009e8       0x4e ./APP/APP.o
                0x000009e8                app_inits
 .text.app_start
                0x00000a36       0x8e ./APP/APP.o
                0x00000a36                app_start
 .text.Blinking_yellow
                0x00000ac4       0xa4 ./APP/APP.o
                0x00000ac4                Blinking_yellow
 .text.PED_Mood
                0x00000b68       0xae ./APP/APP.o
                0x00000b68                PED_Mood
 .text.__vector_1
                0x00000c16       0x54 ./APP/APP.o
                0x00000c16                __vector_1
 .text.Testing_Timers
                0x00000c6a       0x3a ./main.o
                0x00000c6a                Testing_Timers
 .text.Test_INT
                0x00000ca4       0x2e ./main.o
                0x00000ca4                Test_INT
 .text.Testing_Push_Button_and_LEDS
                0x00000cd2       0x4a ./main.o
                0x00000cd2                Testing_Push_Button_and_LEDS
 .text.main     0x00000d1c       0x16 ./main.o
                0x00000d1c                main
 .text.libgcc   0x00000d32        0x0 c:/winavr-20100110/bin/../lib/gcc/avr/4.3.3/avr5\libgcc.a(_exit.o)
 .text.libgcc   0x00000d32        0x0 c:/winavr-20100110/bin/../lib/gcc/avr/4.3.3/avr5\libgcc.a(_clear_bss.o)
                0x00000d32                . = ALIGN (0x2)
 *(.fini9)
 .fini9         0x00000d32        0x0 c:/winavr-20100110/bin/../lib/gcc/avr/4.3.3/avr5\libgcc.a(_exit.o)
                0x00000d32                exit
                0x00000d32                _exit
 *(.fini9)
 *(.fini8)
 *(.fini8)
 *(.fini7)
 *(.fini7)
 *(.fini6)
 *(.fini6)
 *(.fini5)
 *(.fini5)
 *(.fini4)
 *(.fini4)
 *(.fini3)
 *(.fini3)
 *(.fini2)
 *(.fini2)
 *(.fini1)
 *(.fini1)
 *(.fini0)
 .fini0         0x00000d32        0x4 c:/winavr-20100110/bin/../lib/gcc/avr/4.3.3/avr5\libgcc.a(_exit.o)
 *(.fini0)
                0x00000d36                _etext = .

.data           0x00800060        0x0 load address 0x00000d36
                0x00800060                PROVIDE (__data_start, .)
 *(.data)
 .data          0x00800060        0x0 c:/winavr-20100110/bin/../lib/gcc/avr/4.3.3/../../../../avr/lib/avr5/crtm16.o
 .data          0x00800060        0x0 ./MCAL/TIMER/TIMER.o
 .data          0x00800060        0x0 ./MCAL/INT/INT.o
 .data          0x00800060        0x0 ./MCAL/GPIO/GPIO.o
 .data          0x00800060        0x0 ./ECUAL/PUSH_BUTTON/PUSH_BUTTON.o
 .data          0x00800060        0x0 ./ECUAL/LEDS/LED.o
 .data          0x00800060        0x0 ./APP/APP.o
 .data          0x00800060        0x0 ./main.o
 .data          0x00800060        0x0 c:/winavr-20100110/bin/../lib/gcc/avr/4.3.3/avr5\libgcc.a(_exit.o)
 .data          0x00800060        0x0 c:/winavr-20100110/bin/../lib/gcc/avr/4.3.3/avr5\libgcc.a(_clear_bss.o)
 *(.data*)
 *(.rodata)
 *(.rodata*)
 *(.gnu.linkonce.d*)
                0x00800060                . = ALIGN (0x2)
                0x00800060                _edata = .
                0x00800060                PROVIDE (__data_end, .)

.bss            0x00800060        0x2
                0x00800060                PROVIDE (__bss_start, .)
 *(.bss)
 .bss           0x00800060        0x0 c:/winavr-20100110/bin/../lib/gcc/avr/4.3.3/../../../../avr/lib/avr5/crtm16.o
 .bss           0x00800060        0x0 ./MCAL/TIMER/TIMER.o
 .bss           0x00800060        0x0 ./MCAL/INT/INT.o
 .bss           0x00800060        0x0 ./MCAL/GPIO/GPIO.o
 .bss           0x00800060        0x0 ./ECUAL/PUSH_BUTTON/PUSH_BUTTON.o
 .bss           0x00800060        0x0 ./ECUAL/LEDS/LED.o
 .bss           0x00800060        0x0 ./APP/APP.o
 .bss           0x00800060        0x0 ./main.o
 .bss           0x00800060        0x0 c:/winavr-20100110/bin/../lib/gcc/avr/4.3.3/avr5\libgcc.a(_exit.o)
 .bss           0x00800060        0x0 c:/winavr-20100110/bin/../lib/gcc/avr/4.3.3/avr5\libgcc.a(_clear_bss.o)
 *(.bss*)
 .bss.Yellow_is_blinking
                0x00800060        0x1 ./APP/APP.o
                0x00800060                Yellow_is_blinking
 .bss.buttonClick
                0x00800061        0x1 ./APP/APP.o
                0x00800061                buttonClick
 *(COMMON)
                0x00800062                PROVIDE (__bss_end, .)
                0x00000d36                __data_load_start = LOADADDR (.data)
                0x00000d36                __data_load_end = (__data_load_start + SIZEOF (.data))

.noinit         0x00800062        0x0
                0x00800062                PROVIDE (__noinit_start, .)
 *(.noinit*)
                0x00800062                PROVIDE (__noinit_end, .)
                0x00800062                _end = .
                0x00800062                PROVIDE (__heap_start, .)

.eeprom         0x00810000        0x0
 *(.eeprom*)
                0x00810000                __eeprom_end = .

.fuse
 *(.fuse)
 *(.lfuse)
 *(.hfuse)
 *(.efuse)

.lock
 *(.lock*)

.signature
 *(.signature*)

.stab           0x00000000     0x1db8
 *(.stab)
 .stab          0x00000000      0x438 ./MCAL/TIMER/TIMER.o
 .stab          0x00000438      0x2f4 ./MCAL/INT/INT.o
                                0x4b0 (size before relaxing)
 .stab          0x0000072c      0x738 ./MCAL/GPIO/GPIO.o
                                0x8f4 (size before relaxing)
 .stab          0x00000e64      0x2b8 ./ECUAL/PUSH_BUTTON/PUSH_BUTTON.o
                                0x474 (size before relaxing)
 .stab          0x0000111c      0x33c ./ECUAL/LEDS/LED.o
                                0x4f8 (size before relaxing)
 .stab          0x00001458      0x600 ./APP/APP.o
                                0x7bc (size before relaxing)
 .stab          0x00001a58      0x360 ./main.o
                                0x60c (size before relaxing)

.stabstr        0x00000000     0x1303
 *(.stabstr)
 .stabstr       0x00000000     0x1303 ./MCAL/TIMER/TIMER.o

.stab.excl
 *(.stab.excl)

.stab.exclstr
 *(.stab.exclstr)

.stab.index
 *(.stab.index)

.stab.indexstr
 *(.stab.indexstr)

.comment
 *(.comment)

.debug
 *(.debug)

.line
 *(.line)

.debug_srcinfo
 *(.debug_srcinfo)

.debug_sfnames
 *(.debug_sfnames)

.debug_aranges
 *(.debug_aranges)

.debug_pubnames
 *(.debug_pubnames)

.debug_info
 *(.debug_info)
 *(.gnu.linkonce.wi.*)

.debug_abbrev
 *(.debug_abbrev)

.debug_line
 *(.debug_line)

.debug_frame
 *(.debug_frame)

.debug_str
 *(.debug_str)

.debug_loc
 *(.debug_loc)

.debug_macinfo
 *(.debug_macinfo)
OUTPUT(trifficLight.elf elf32-avr)
LOAD linker stubs
